#############################################################################
Learning begins
#############################################################################
Computing reward function in TT format for normalization
cross device is cuda
Functions that require cross-approximation can be accelerated with the optional maxvolpy package, which can be installed by 'pip install maxvolpy'. More info is available at https://bitbucket.org/muxas/maxvolpy.
Cross-approximation over a 20D domain containing 8.1e+21 grid points:
iter: 0  | eps: 3.059e-01 | time:   0.2442 | largest rank:   1
iter: 1  | eps: 4.626e-15 | time:   0.5009 | largest rank:  11 <- converged: eps < 0.0001
Did 113802 function evaluations, which took 0.015s (7.588e+06 evals/s)

Rank of reward:  tensor([1, 2, 2, 2, 2, 3, 2, 3, 2, 3, 2, 3, 2, 3, 2, 3, 2, 3, 2, 2, 1])
Initialize policy (q-fcn) by random initialization of value-function....
[EVAL] {"success_rate": 0.0, "mu_success": 0.0, "mu_all": 1.0, "final_dist_mean": 0.5639842109597393, "path_len_mean": 0.0, "cum_reward_mean": -3310569364.9361115, "final_reward_mean": -3310569.364936106, "callback_count": 0}
Memory:  0.008784896 0.268435456
>>>>>>>>>>>>>>>>>>>>>>>>>>>>>>>>>>>>>>>>>>
Policy Iteration 1/20
>>>>>>>>>>>>>>>>>>>>>>>>>>>>>>>>>>>>>>>>>>
Number of value updates:  1
Functions that require cross-approximation can be accelerated with the optional maxvolpy package, which can be installed by 'pip install maxvolpy'. More info is available at https://bitbucket.org/muxas/maxvolpy.
.....................................................
Computing Advantage Fcn
.....................................................
Functions that require cross-approximation can be accelerated with the optional maxvolpy package, which can be installed by 'pip install maxvolpy'. More info is available at https://bitbucket.org/muxas/maxvolpy.
v_min: -0.01, v_mean: -0.00, v_max: -0.00
a_min: -1.00, a_mean: -0.36, a_max: -0.00
p_min: 2.00, p_mean: 2.64, p_max: 3.00
Rank of V-model:  tensor([1, 2, 1, 1, 1])
Rank of A-model:  tensor([1, 3, 3, 2, 1, 1, 1, 1, 1, 1, 1, 1, 1, 1, 1, 1, 1, 1, 1, 1, 1])
Rank of P-model:  tensor([1, 5, 5, 4, 3, 3, 3, 3, 3, 3, 3, 3, 3, 3, 3, 3, 3, 3, 3, 2, 1])
--------------------------------------------
Time taken:2.813385009765625
--------------------------------------------
Memory:  0.008719872 0.025165824000000003
>>>>>>>>>>>>>>>>>>>>>>>>>>>>>>>>>>>>>>>>>>
Policy Iteration 2/20
>>>>>>>>>>>>>>>>>>>>>>>>>>>>>>>>>>>>>>>>>>
Number of value updates:  1
Functions that require cross-approximation can be accelerated with the optional maxvolpy package, which can be installed by 'pip install maxvolpy'. More info is available at https://bitbucket.org/muxas/maxvolpy.
.....................................................
Computing Advantage Fcn
.....................................................
Functions that require cross-approximation can be accelerated with the optional maxvolpy package, which can be installed by 'pip install maxvolpy'. More info is available at https://bitbucket.org/muxas/maxvolpy.
v_min: -0.02, v_mean: -0.01, v_max: -0.00
a_min: -1.00, a_mean: -0.36, a_max: -0.00
p_min: 2.00, p_mean: 2.64, p_max: 3.00
Rank of V-model:  tensor([1, 2, 1, 1, 1])
Rank of A-model:  tensor([1, 3, 3, 2, 1, 1, 1, 1, 1, 1, 1, 1, 1, 1, 1, 1, 1, 1, 1, 1, 1])
Rank of P-model:  tensor([1, 5, 5, 4, 3, 3, 3, 3, 3, 3, 3, 3, 3, 3, 3, 3, 3, 3, 3, 2, 1])
--------------------------------------------
Time taken:2.5997207164764404
--------------------------------------------
Memory:  0.008719872 0.025165824000000003
>>>>>>>>>>>>>>>>>>>>>>>>>>>>>>>>>>>>>>>>>>
Policy Iteration 3/20
>>>>>>>>>>>>>>>>>>>>>>>>>>>>>>>>>>>>>>>>>>
Number of value updates:  1
Functions that require cross-approximation can be accelerated with the optional maxvolpy package, which can be installed by 'pip install maxvolpy'. More info is available at https://bitbucket.org/muxas/maxvolpy.
.....................................................
Computing Advantage Fcn
.....................................................
Functions that require cross-approximation can be accelerated with the optional maxvolpy package, which can be installed by 'pip install maxvolpy'. More info is available at https://bitbucket.org/muxas/maxvolpy.
v_min: -0.03, v_mean: -0.01, v_max: -0.00
a_min: -1.00, a_mean: -0.36, a_max: -0.00
p_min: 2.00, p_mean: 2.64, p_max: 3.00
Rank of V-model:  tensor([1, 3, 3, 2, 1])
Rank of A-model:  tensor([1, 3, 3, 2, 1, 1, 1, 1, 1, 1, 1, 1, 1, 1, 1, 1, 1, 1, 1, 1, 1])
Rank of P-model:  tensor([1, 5, 5, 4, 3, 3, 3, 3, 3, 3, 3, 3, 3, 3, 3, 3, 3, 3, 3, 2, 1])
--------------------------------------------
Time taken:2.581439971923828
--------------------------------------------
Memory:  0.008723456000000001 0.025165824000000003
>>>>>>>>>>>>>>>>>>>>>>>>>>>>>>>>>>>>>>>>>>
Policy Iteration 4/20
>>>>>>>>>>>>>>>>>>>>>>>>>>>>>>>>>>>>>>>>>>
Number of value updates:  1
Functions that require cross-approximation can be accelerated with the optional maxvolpy package, which can be installed by 'pip install maxvolpy'. More info is available at https://bitbucket.org/muxas/maxvolpy.
.....................................................
Computing Advantage Fcn
.....................................................
Functions that require cross-approximation can be accelerated with the optional maxvolpy package, which can be installed by 'pip install maxvolpy'. More info is available at https://bitbucket.org/muxas/maxvolpy.
v_min: -0.04, v_mean: -0.01, v_max: -0.00
a_min: -1.00, a_mean: -0.36, a_max: -0.00
p_min: 2.00, p_mean: 2.64, p_max: 3.00
Rank of V-model:  tensor([1, 3, 3, 2, 1])
Rank of A-model:  tensor([1, 3, 3, 2, 1, 1, 1, 1, 1, 1, 1, 1, 1, 1, 1, 1, 1, 1, 1, 1, 1])
Rank of P-model:  tensor([1, 5, 5, 4, 3, 3, 3, 3, 3, 3, 3, 3, 3, 3, 3, 3, 3, 3, 3, 2, 1])
--------------------------------------------
Time taken:2.5492913722991943
--------------------------------------------
Memory:  0.008723456000000001 0.025165824000000003
>>>>>>>>>>>>>>>>>>>>>>>>>>>>>>>>>>>>>>>>>>
Policy Iteration 5/20
>>>>>>>>>>>>>>>>>>>>>>>>>>>>>>>>>>>>>>>>>>
Number of value updates:  1
Functions that require cross-approximation can be accelerated with the optional maxvolpy package, which can be installed by 'pip install maxvolpy'. More info is available at https://bitbucket.org/muxas/maxvolpy.
.....................................................
Computing Advantage Fcn
.....................................................
Functions that require cross-approximation can be accelerated with the optional maxvolpy package, which can be installed by 'pip install maxvolpy'. More info is available at https://bitbucket.org/muxas/maxvolpy.
v_min: -0.05, v_mean: -0.02, v_max: -0.00
a_min: -1.00, a_mean: -0.36, a_max: -0.00
p_min: 2.00, p_mean: 2.64, p_max: 3.00
Rank of V-model:  tensor([1, 3, 3, 2, 1])
Rank of A-model:  tensor([1, 3, 3, 2, 1, 1, 1, 1, 1, 1, 1, 1, 1, 1, 1, 1, 1, 1, 1, 1, 1])
Rank of P-model:  tensor([1, 5, 5, 4, 3, 3, 3, 3, 3, 3, 3, 3, 3, 3, 3, 3, 3, 3, 3, 2, 1])
--------------------------------------------
Time taken:2.596005439758301
--------------------------------------------
---------------Intermeditate Test-------------------------
[EVAL] {"success_rate": 0.0, "mu_success": 0.0, "mu_all": 1.0, "final_dist_mean": 0.5639842109597393, "path_len_mean": 0.0, "cum_reward_mean": -3310569364.9361115, "final_reward_mean": -3310569.364936106, "callback_count": 4}
Memory:  0.008723456000000001 0.025165824000000003
>>>>>>>>>>>>>>>>>>>>>>>>>>>>>>>>>>>>>>>>>>
Policy Iteration 6/20
>>>>>>>>>>>>>>>>>>>>>>>>>>>>>>>>>>>>>>>>>>
Number of value updates:  1
Functions that require cross-approximation can be accelerated with the optional maxvolpy package, which can be installed by 'pip install maxvolpy'. More info is available at https://bitbucket.org/muxas/maxvolpy.
.....................................................
Computing Advantage Fcn
.....................................................
Functions that require cross-approximation can be accelerated with the optional maxvolpy package, which can be installed by 'pip install maxvolpy'. More info is available at https://bitbucket.org/muxas/maxvolpy.
v_min: -0.06, v_mean: -0.02, v_max: -0.00
a_min: -1.00, a_mean: -0.36, a_max: -0.00
p_min: 2.00, p_mean: 2.64, p_max: 3.00
Rank of V-model:  tensor([1, 3, 3, 2, 1])
Rank of A-model:  tensor([1, 3, 3, 2, 1, 1, 1, 1, 1, 1, 1, 1, 1, 1, 1, 1, 1, 1, 1, 1, 1])
Rank of P-model:  tensor([1, 5, 5, 4, 3, 3, 3, 3, 3, 3, 3, 3, 3, 3, 3, 3, 3, 3, 3, 2, 1])
--------------------------------------------
Time taken:2.5820860862731934
--------------------------------------------
Memory:  0.008723456000000001 0.025165824000000003
>>>>>>>>>>>>>>>>>>>>>>>>>>>>>>>>>>>>>>>>>>
Policy Iteration 7/20
>>>>>>>>>>>>>>>>>>>>>>>>>>>>>>>>>>>>>>>>>>
Number of value updates:  1
Functions that require cross-approximation can be accelerated with the optional maxvolpy package, which can be installed by 'pip install maxvolpy'. More info is available at https://bitbucket.org/muxas/maxvolpy.
.....................................................
Computing Advantage Fcn
.....................................................
Functions that require cross-approximation can be accelerated with the optional maxvolpy package, which can be installed by 'pip install maxvolpy'. More info is available at https://bitbucket.org/muxas/maxvolpy.
v_min: -0.07, v_mean: -0.02, v_max: -0.00
a_min: -1.00, a_mean: -0.36, a_max: -0.00
p_min: 2.00, p_mean: 2.64, p_max: 3.00
Rank of V-model:  tensor([1, 3, 3, 2, 1])
Rank of A-model:  tensor([1, 3, 3, 3, 3, 4, 3, 4, 3, 4, 3, 4, 3, 4, 3, 3, 2, 3, 2, 2, 1])
Rank of P-model:  tensor([1, 5, 5, 5, 5, 6, 5, 6, 5, 6, 5, 6, 5, 6, 5, 5, 4, 5, 4, 2, 1])
--------------------------------------------
Time taken:2.491431713104248
--------------------------------------------
Memory:  0.008869376 0.025165824000000003
>>>>>>>>>>>>>>>>>>>>>>>>>>>>>>>>>>>>>>>>>>
Policy Iteration 8/20
>>>>>>>>>>>>>>>>>>>>>>>>>>>>>>>>>>>>>>>>>>
Number of value updates:  1
Functions that require cross-approximation can be accelerated with the optional maxvolpy package, which can be installed by 'pip install maxvolpy'. More info is available at https://bitbucket.org/muxas/maxvolpy.
.....................................................
Computing Advantage Fcn
.....................................................
Functions that require cross-approximation can be accelerated with the optional maxvolpy package, which can be installed by 'pip install maxvolpy'. More info is available at https://bitbucket.org/muxas/maxvolpy.
v_min: -0.08, v_mean: -0.03, v_max: -0.00
a_min: -1.00, a_mean: -0.36, a_max: -0.00
p_min: 2.00, p_mean: 2.65, p_max: 3.00
Rank of V-model:  tensor([1, 3, 3, 2, 1])
Rank of A-model:  tensor([1, 3, 3, 3, 3, 4, 3, 4, 3, 4, 3, 4, 3, 4, 3, 4, 3, 3, 2, 2, 1])
Rank of P-model:  tensor([1, 5, 5, 5, 5, 6, 5, 6, 5, 6, 5, 6, 5, 6, 5, 6, 5, 5, 4, 2, 1])
--------------------------------------------
Time taken:3.1065800189971924
--------------------------------------------
Memory:  0.008880128000000001 0.025165824000000003
>>>>>>>>>>>>>>>>>>>>>>>>>>>>>>>>>>>>>>>>>>
Policy Iteration 9/20
>>>>>>>>>>>>>>>>>>>>>>>>>>>>>>>>>>>>>>>>>>
Number of value updates:  1
Functions that require cross-approximation can be accelerated with the optional maxvolpy package, which can be installed by 'pip install maxvolpy'. More info is available at https://bitbucket.org/muxas/maxvolpy.
.....................................................
Computing Advantage Fcn
.....................................................
Functions that require cross-approximation can be accelerated with the optional maxvolpy package, which can be installed by 'pip install maxvolpy'. More info is available at https://bitbucket.org/muxas/maxvolpy.
v_min: -0.09, v_mean: -0.03, v_max: -0.00
a_min: -1.00, a_mean: -0.36, a_max: -0.00
p_min: 2.00, p_mean: 2.65, p_max: 3.00
Rank of V-model:  tensor([1, 3, 3, 2, 1])
Rank of A-model:  tensor([1, 3, 3, 3, 3, 4, 3, 4, 3, 4, 3, 4, 3, 4, 3, 4, 3, 3, 2, 2, 1])
Rank of P-model:  tensor([1, 5, 5, 5, 5, 6, 5, 6, 5, 6, 5, 6, 5, 6, 5, 6, 5, 5, 4, 2, 1])
--------------------------------------------
Time taken:3.156519889831543
--------------------------------------------
Memory:  0.008880128000000001 0.025165824000000003
>>>>>>>>>>>>>>>>>>>>>>>>>>>>>>>>>>>>>>>>>>
Policy Iteration 10/20
>>>>>>>>>>>>>>>>>>>>>>>>>>>>>>>>>>>>>>>>>>
Number of value updates:  1
Functions that require cross-approximation can be accelerated with the optional maxvolpy package, which can be installed by 'pip install maxvolpy'. More info is available at https://bitbucket.org/muxas/maxvolpy.
.....................................................
Computing Advantage Fcn
.....................................................
Functions that require cross-approximation can be accelerated with the optional maxvolpy package, which can be installed by 'pip install maxvolpy'. More info is available at https://bitbucket.org/muxas/maxvolpy.
v_min: -0.10, v_mean: -0.03, v_max: -0.00
a_min: -1.00, a_mean: -0.36, a_max: -0.00
p_min: 2.00, p_mean: 2.65, p_max: 3.01
Rank of V-model:  tensor([1, 3, 3, 2, 1])
Rank of A-model:  tensor([1, 3, 3, 3, 3, 4, 3, 4, 3, 4, 3, 4, 3, 4, 3, 4, 3, 3, 2, 2, 1])
Rank of P-model:  tensor([1, 5, 5, 5, 5, 6, 5, 6, 5, 6, 5, 6, 5, 6, 5, 6, 5, 5, 4, 2, 1])
--------------------------------------------
Time taken:3.023555278778076
--------------------------------------------
---------------Intermeditate Test-------------------------
[EVAL] {"success_rate": 0.75, "mu_success": 0.34123880072129914, "mu_all": 0.28564462870680885, "final_dist_mean": 0.05946845562778152, "path_len_mean": 1.1960907546461768, "cum_reward_mean": -274537759.9570181, "final_reward_mean": -36337.49029662184, "callback_count": 9}
Memory:  0.008880128000000001 0.027262976
>>>>>>>>>>>>>>>>>>>>>>>>>>>>>>>>>>>>>>>>>>
Policy Iteration 11/20
>>>>>>>>>>>>>>>>>>>>>>>>>>>>>>>>>>>>>>>>>>
Number of value updates:  1
Functions that require cross-approximation can be accelerated with the optional maxvolpy package, which can be installed by 'pip install maxvolpy'. More info is available at https://bitbucket.org/muxas/maxvolpy.
.....................................................
Computing Advantage Fcn
.....................................................
Functions that require cross-approximation can be accelerated with the optional maxvolpy package, which can be installed by 'pip install maxvolpy'. More info is available at https://bitbucket.org/muxas/maxvolpy.
v_min: -0.10, v_mean: -0.04, v_max: -0.00
a_min: -1.00, a_mean: -0.36, a_max: -0.00
p_min: 2.00, p_mean: 2.65, p_max: 3.00
Rank of V-model:  tensor([1, 3, 3, 2, 1])
Rank of A-model:  tensor([1, 3, 3, 3, 3, 4, 3, 4, 3, 4, 3, 4, 3, 4, 3, 4, 3, 3, 2, 2, 1])
Rank of P-model:  tensor([1, 5, 5, 5, 5, 6, 5, 6, 5, 6, 5, 6, 5, 6, 5, 6, 5, 5, 4, 2, 1])
--------------------------------------------
Time taken:2.984229326248169
--------------------------------------------
Memory:  0.008880128000000001 0.027262976
>>>>>>>>>>>>>>>>>>>>>>>>>>>>>>>>>>>>>>>>>>
Policy Iteration 12/20
>>>>>>>>>>>>>>>>>>>>>>>>>>>>>>>>>>>>>>>>>>
Number of value updates:  1
Functions that require cross-approximation can be accelerated with the optional maxvolpy package, which can be installed by 'pip install maxvolpy'. More info is available at https://bitbucket.org/muxas/maxvolpy.
.....................................................
Computing Advantage Fcn
.....................................................
Functions that require cross-approximation can be accelerated with the optional maxvolpy package, which can be installed by 'pip install maxvolpy'. More info is available at https://bitbucket.org/muxas/maxvolpy.
v_min: -0.11, v_mean: -0.04, v_max: -0.00
a_min: -1.01, a_mean: -0.36, a_max: -0.00
p_min: 2.00, p_mean: 2.65, p_max: 3.01
Rank of V-model:  tensor([1, 3, 3, 2, 1])
Rank of A-model:  tensor([1, 3, 3, 3, 3, 4, 3, 4, 3, 4, 3, 4, 3, 4, 3, 4, 3, 3, 2, 2, 1])
Rank of P-model:  tensor([1, 5, 5, 5, 5, 6, 5, 6, 5, 6, 5, 6, 5, 6, 5, 6, 5, 5, 4, 2, 1])
--------------------------------------------
Time taken:3.092132806777954
--------------------------------------------
Memory:  0.008880128000000001 0.027262976
>>>>>>>>>>>>>>>>>>>>>>>>>>>>>>>>>>>>>>>>>>
Policy Iteration 13/20
>>>>>>>>>>>>>>>>>>>>>>>>>>>>>>>>>>>>>>>>>>
Number of value updates:  1
Functions that require cross-approximation can be accelerated with the optional maxvolpy package, which can be installed by 'pip install maxvolpy'. More info is available at https://bitbucket.org/muxas/maxvolpy.
.....................................................
Computing Advantage Fcn
.....................................................
Functions that require cross-approximation can be accelerated with the optional maxvolpy package, which can be installed by 'pip install maxvolpy'. More info is available at https://bitbucket.org/muxas/maxvolpy.
v_min: -0.12, v_mean: -0.04, v_max: -0.00
a_min: -1.01, a_mean: -0.36, a_max: -0.00
p_min: 2.00, p_mean: 2.65, p_max: 3.01
Rank of V-model:  tensor([1, 3, 3, 2, 1])
Rank of A-model:  tensor([1, 3, 3, 3, 3, 4, 3, 4, 3, 4, 3, 4, 3, 4, 3, 4, 3, 3, 2, 2, 1])
Rank of P-model:  tensor([1, 5, 5, 5, 5, 6, 5, 6, 5, 6, 5, 6, 5, 6, 5, 6, 5, 5, 4, 2, 1])
--------------------------------------------
Time taken:3.1602492332458496
--------------------------------------------
Memory:  0.008880128000000001 0.025165824000000003
>>>>>>>>>>>>>>>>>>>>>>>>>>>>>>>>>>>>>>>>>>
Policy Iteration 14/20
>>>>>>>>>>>>>>>>>>>>>>>>>>>>>>>>>>>>>>>>>>
Number of value updates:  1
Functions that require cross-approximation can be accelerated with the optional maxvolpy package, which can be installed by 'pip install maxvolpy'. More info is available at https://bitbucket.org/muxas/maxvolpy.
.....................................................
Computing Advantage Fcn
.....................................................
Functions that require cross-approximation can be accelerated with the optional maxvolpy package, which can be installed by 'pip install maxvolpy'. More info is available at https://bitbucket.org/muxas/maxvolpy.
v_min: -0.13, v_mean: -0.05, v_max: -0.00
a_min: -1.01, a_mean: -0.36, a_max: -0.00
p_min: 2.01, p_mean: 2.66, p_max: 3.01
Rank of V-model:  tensor([1, 3, 3, 2, 1])
Rank of A-model:  tensor([1, 3, 3, 3, 3, 4, 3, 4, 3, 4, 3, 4, 3, 4, 3, 4, 3, 3, 2, 2, 1])
Rank of P-model:  tensor([1, 5, 5, 5, 5, 6, 5, 6, 5, 6, 5, 6, 5, 6, 5, 6, 5, 5, 4, 2, 1])
--------------------------------------------
Time taken:4.466412305831909
--------------------------------------------
Memory:  0.008880128000000001 0.025165824000000003
>>>>>>>>>>>>>>>>>>>>>>>>>>>>>>>>>>>>>>>>>>
Policy Iteration 15/20
>>>>>>>>>>>>>>>>>>>>>>>>>>>>>>>>>>>>>>>>>>
Number of value updates:  1
Functions that require cross-approximation can be accelerated with the optional maxvolpy package, which can be installed by 'pip install maxvolpy'. More info is available at https://bitbucket.org/muxas/maxvolpy.
.....................................................
Computing Advantage Fcn
.....................................................
Functions that require cross-approximation can be accelerated with the optional maxvolpy package, which can be installed by 'pip install maxvolpy'. More info is available at https://bitbucket.org/muxas/maxvolpy.
v_min: -0.14, v_mean: -0.05, v_max: -0.00
a_min: -1.01, a_mean: -0.36, a_max: -0.00
p_min: 2.01, p_mean: 2.66, p_max: 3.02
Rank of V-model:  tensor([1, 3, 3, 2, 1])
Rank of A-model:  tensor([1, 3, 3, 3, 3, 4, 3, 4, 3, 4, 3, 4, 3, 4, 3, 4, 3, 3, 2, 2, 1])
Rank of P-model:  tensor([1, 5, 5, 5, 5, 6, 5, 6, 5, 6, 5, 6, 5, 6, 5, 6, 5, 5, 4, 2, 1])
--------------------------------------------
Time taken:4.770447254180908
--------------------------------------------
---------------Intermeditate Test-------------------------
[EVAL] {"success_rate": 0.75, "mu_success": 0.8981221510108806, "mu_all": 0.7058018540504819, "final_dist_mean": 0.067937316408847, "path_len_mean": 0.8387877057863081, "cum_reward_mean": -283257023.17080337, "final_reward_mean": -48446.73624225456, "callback_count": 14}
Memory:  0.008880128000000001 0.025165824000000003
>>>>>>>>>>>>>>>>>>>>>>>>>>>>>>>>>>>>>>>>>>
Policy Iteration 16/20
>>>>>>>>>>>>>>>>>>>>>>>>>>>>>>>>>>>>>>>>>>
Number of value updates:  1
Functions that require cross-approximation can be accelerated with the optional maxvolpy package, which can be installed by 'pip install maxvolpy'. More info is available at https://bitbucket.org/muxas/maxvolpy.
.....................................................
Computing Advantage Fcn
.....................................................
Functions that require cross-approximation can be accelerated with the optional maxvolpy package, which can be installed by 'pip install maxvolpy'. More info is available at https://bitbucket.org/muxas/maxvolpy.
v_min: -0.15, v_mean: -0.05, v_max: -0.00
a_min: -1.01, a_mean: -0.36, a_max: -0.00
p_min: 2.01, p_mean: 2.66, p_max: 3.01
Rank of V-model:  tensor([1, 3, 3, 2, 1])
Rank of A-model:  tensor([1, 3, 5, 4, 3, 4, 3, 4, 3, 4, 3, 4, 3, 4, 4, 5, 4, 4, 3, 2, 1])
Rank of P-model:  tensor([1, 5, 7, 6, 5, 6, 5, 6, 5, 6, 5, 6, 5, 6, 6, 7, 6, 6, 5, 2, 1])
--------------------------------------------
Time taken:4.5258684158325195
--------------------------------------------
Memory:  0.008928768 0.025165824000000003
>>>>>>>>>>>>>>>>>>>>>>>>>>>>>>>>>>>>>>>>>>
Policy Iteration 17/20
>>>>>>>>>>>>>>>>>>>>>>>>>>>>>>>>>>>>>>>>>>
Number of value updates:  1
Functions that require cross-approximation can be accelerated with the optional maxvolpy package, which can be installed by 'pip install maxvolpy'. More info is available at https://bitbucket.org/muxas/maxvolpy.
.....................................................
Computing Advantage Fcn
.....................................................
Functions that require cross-approximation can be accelerated with the optional maxvolpy package, which can be installed by 'pip install maxvolpy'. More info is available at https://bitbucket.org/muxas/maxvolpy.
v_min: -0.16, v_mean: -0.06, v_max: -0.00
a_min: -1.01, a_mean: -0.36, a_max: -0.00
p_min: 2.01, p_mean: 2.66, p_max: 3.02
Rank of V-model:  tensor([1, 3, 3, 2, 1])
Rank of A-model:  tensor([1, 4, 5, 4, 3, 4, 3, 4, 3, 4, 3, 4, 3, 4, 3, 4, 4, 4, 3, 2, 1])
Rank of P-model:  tensor([1, 6, 7, 6, 5, 6, 5, 6, 5, 6, 5, 6, 5, 6, 5, 6, 6, 6, 5, 2, 1])
--------------------------------------------
Time taken:4.690450429916382
--------------------------------------------
Memory:  0.008919552 0.025165824000000003
>>>>>>>>>>>>>>>>>>>>>>>>>>>>>>>>>>>>>>>>>>
Policy Iteration 18/20
>>>>>>>>>>>>>>>>>>>>>>>>>>>>>>>>>>>>>>>>>>
Number of value updates:  1
Functions that require cross-approximation can be accelerated with the optional maxvolpy package, which can be installed by 'pip install maxvolpy'. More info is available at https://bitbucket.org/muxas/maxvolpy.
.....................................................
Computing Advantage Fcn
.....................................................
Functions that require cross-approximation can be accelerated with the optional maxvolpy package, which can be installed by 'pip install maxvolpy'. More info is available at https://bitbucket.org/muxas/maxvolpy.
v_min: -0.17, v_mean: -0.06, v_max: -0.00
a_min: -1.01, a_mean: -0.36, a_max: -0.00
p_min: 2.01, p_mean: 2.67, p_max: 3.02
Rank of V-model:  tensor([1, 3, 3, 2, 1])
Rank of A-model:  tensor([1, 4, 5, 4, 3, 4, 3, 4, 3, 4, 3, 4, 3, 4, 3, 4, 3, 3, 2, 2, 1])
Rank of P-model:  tensor([1, 6, 7, 6, 5, 6, 5, 6, 5, 6, 5, 6, 5, 6, 5, 6, 5, 5, 4, 2, 1])
--------------------------------------------
Time taken:4.615162134170532
--------------------------------------------
Memory:  0.008905216 0.025165824000000003
>>>>>>>>>>>>>>>>>>>>>>>>>>>>>>>>>>>>>>>>>>
Policy Iteration 19/20
>>>>>>>>>>>>>>>>>>>>>>>>>>>>>>>>>>>>>>>>>>
Number of value updates:  1
Functions that require cross-approximation can be accelerated with the optional maxvolpy package, which can be installed by 'pip install maxvolpy'. More info is available at https://bitbucket.org/muxas/maxvolpy.
.....................................................
Computing Advantage Fcn
.....................................................
Functions that require cross-approximation can be accelerated with the optional maxvolpy package, which can be installed by 'pip install maxvolpy'. More info is available at https://bitbucket.org/muxas/maxvolpy.
v_min: -0.17, v_mean: -0.06, v_max: -0.00
a_min: -1.01, a_mean: -0.36, a_max: -0.00
p_min: 2.01, p_mean: 2.67, p_max: 3.02
Rank of V-model:  tensor([1, 3, 3, 2, 1])
Rank of A-model:  tensor([1, 4, 5, 4, 3, 4, 3, 4, 3, 4, 3, 4, 3, 4, 3, 4, 3, 3, 2, 2, 1])
Rank of P-model:  tensor([1, 6, 7, 6, 5, 6, 5, 6, 5, 6, 5, 6, 5, 6, 5, 6, 5, 5, 4, 2, 1])
--------------------------------------------
Time taken:4.6848907470703125
--------------------------------------------
Memory:  0.008905216 0.025165824000000003
>>>>>>>>>>>>>>>>>>>>>>>>>>>>>>>>>>>>>>>>>>
Policy Iteration 20/20
>>>>>>>>>>>>>>>>>>>>>>>>>>>>>>>>>>>>>>>>>>
Number of value updates:  1
Functions that require cross-approximation can be accelerated with the optional maxvolpy package, which can be installed by 'pip install maxvolpy'. More info is available at https://bitbucket.org/muxas/maxvolpy.
.....................................................
Computing Advantage Fcn
.....................................................
Functions that require cross-approximation can be accelerated with the optional maxvolpy package, which can be installed by 'pip install maxvolpy'. More info is available at https://bitbucket.org/muxas/maxvolpy.
v_min: -0.18, v_mean: -0.06, v_max: -0.00
a_min: -1.01, a_mean: -0.36, a_max: -0.00
p_min: 2.01, p_mean: 2.67, p_max: 3.03
Rank of V-model:  tensor([1, 3, 3, 2, 1])
Rank of A-model:  tensor([1, 4, 5, 4, 3, 4, 3, 4, 3, 4, 3, 4, 3, 4, 4, 5, 4, 4, 3, 2, 1])
Rank of P-model:  tensor([1, 6, 7, 6, 5, 6, 5, 6, 5, 6, 5, 6, 5, 6, 6, 7, 6, 6, 5, 2, 1])
--------------------------------------------
Time taken:5.090642690658569
--------------------------------------------
---------------Intermeditate Test-------------------------
[EVAL] {"success_rate": 0.75, "mu_success": 0.9390010687147881, "mu_all": 0.7494653188918434, "final_dist_mean": 0.058215243084529966, "path_len_mean": 0.754342509319935, "cum_reward_mean": -273219645.3936785, "final_reward_mean": -48942.249704912334, "callback_count": 19}
[DONE] saved result to /home/s110/code/ttpi_iclr/repro/results/HM8_state30_action50_seed0.json
{
  "success_rate": 0.75,
  "mu_success": 0.9390010687147881,
  "mu_all": 0.7494653188918434,
  "final_dist_mean": 0.058215243084529966,
  "path_len_mean": 0.754342509319935,
  "cum_reward_mean": -273219645.3936785,
  "final_reward_mean": -48942.249704912334
}
