#############################################################################
Learning begins
#############################################################################
Computing reward function in TT format for normalization
cross device is cuda
Functions that require cross-approximation can be accelerated with the optional maxvolpy package, which can be installed by 'pip install maxvolpy'. More info is available at https://bitbucket.org/muxas/maxvolpy.
Cross-approximation over a 20D domain containing 1.6e+25 grid points:
iter: 0  | eps: 3.176e-01 | time:   0.3737 | largest rank:   1
iter: 1  | eps: 3.277e-15 | time:   0.7878 | largest rank:  11 <- converged: eps < 0.0001
Did 216622 function evaluations, which took 0.01974s (1.097e+07 evals/s)

Rank of reward:  tensor([1, 2, 2, 2, 2, 3, 2, 3, 2, 3, 2, 3, 2, 3, 2, 3, 2, 3, 2, 2, 1])
Initialize policy (q-fcn) by random initialization of value-function....
[EVAL] {"success_rate": 0.0, "mu_success": 0.0, "mu_all": 1.0, "final_dist_mean": 0.5566968557106781, "path_len_mean": 0.0, "cum_reward_mean": -3300312150.3882656, "final_reward_mean": -3300312.1503882683, "callback_count": 0}
Memory:  0.008984064 0.268435456
>>>>>>>>>>>>>>>>>>>>>>>>>>>>>>>>>>>>>>>>>>
Policy Iteration 1/100
>>>>>>>>>>>>>>>>>>>>>>>>>>>>>>>>>>>>>>>>>>
Number of value updates:  1
Functions that require cross-approximation can be accelerated with the optional maxvolpy package, which can be installed by 'pip install maxvolpy'. More info is available at https://bitbucket.org/muxas/maxvolpy.
.....................................................
Computing Advantage Fcn
.....................................................
Functions that require cross-approximation can be accelerated with the optional maxvolpy package, which can be installed by 'pip install maxvolpy'. More info is available at https://bitbucket.org/muxas/maxvolpy.
v_min: -0.01, v_mean: -0.00, v_max: -0.00
a_min: -1.00, a_mean: -0.35, a_max: -0.00
p_min: 2.00, p_mean: 2.65, p_max: 3.00
Rank of V-model:  tensor([1, 2, 1, 1, 1])
Rank of A-model:  tensor([1, 3, 3, 2, 1, 1, 1, 1, 1, 1, 1, 1, 1, 1, 1, 1, 1, 1, 1, 1, 1])
Rank of P-model:  tensor([1, 5, 5, 4, 3, 3, 3, 3, 3, 3, 3, 3, 3, 3, 3, 3, 3, 3, 3, 2, 1])
--------------------------------------------
Time taken:5.339507102966309
--------------------------------------------
Memory:  0.00885504 0.027262976
>>>>>>>>>>>>>>>>>>>>>>>>>>>>>>>>>>>>>>>>>>
Policy Iteration 2/100
>>>>>>>>>>>>>>>>>>>>>>>>>>>>>>>>>>>>>>>>>>
Number of value updates:  1
Functions that require cross-approximation can be accelerated with the optional maxvolpy package, which can be installed by 'pip install maxvolpy'. More info is available at https://bitbucket.org/muxas/maxvolpy.
.....................................................
Computing Advantage Fcn
.....................................................
Functions that require cross-approximation can be accelerated with the optional maxvolpy package, which can be installed by 'pip install maxvolpy'. More info is available at https://bitbucket.org/muxas/maxvolpy.
v_min: -0.02, v_mean: -0.01, v_max: -0.00
a_min: -1.00, a_mean: -0.35, a_max: -0.00
p_min: 2.00, p_mean: 2.65, p_max: 3.00
Rank of V-model:  tensor([1, 2, 1, 1, 1])
Rank of A-model:  tensor([1, 3, 3, 2, 1, 1, 1, 1, 1, 1, 1, 1, 1, 1, 1, 1, 1, 1, 1, 1, 1])
Rank of P-model:  tensor([1, 5, 5, 4, 3, 3, 3, 3, 3, 3, 3, 3, 3, 3, 3, 3, 3, 3, 3, 2, 1])
--------------------------------------------
Time taken:4.862981557846069
--------------------------------------------
Memory:  0.00885504 0.025165824000000003
>>>>>>>>>>>>>>>>>>>>>>>>>>>>>>>>>>>>>>>>>>
Policy Iteration 3/100
>>>>>>>>>>>>>>>>>>>>>>>>>>>>>>>>>>>>>>>>>>
Number of value updates:  1
Functions that require cross-approximation can be accelerated with the optional maxvolpy package, which can be installed by 'pip install maxvolpy'. More info is available at https://bitbucket.org/muxas/maxvolpy.
.....................................................
Computing Advantage Fcn
.....................................................
Functions that require cross-approximation can be accelerated with the optional maxvolpy package, which can be installed by 'pip install maxvolpy'. More info is available at https://bitbucket.org/muxas/maxvolpy.
v_min: -0.03, v_mean: -0.01, v_max: -0.00
a_min: -1.00, a_mean: -0.35, a_max: -0.00
p_min: 2.00, p_mean: 2.65, p_max: 3.00
Rank of V-model:  tensor([1, 3, 3, 2, 1])
Rank of A-model:  tensor([1, 3, 3, 2, 1, 1, 1, 1, 1, 1, 1, 1, 1, 1, 1, 1, 1, 1, 1, 1, 1])
Rank of P-model:  tensor([1, 5, 5, 4, 3, 3, 3, 3, 3, 3, 3, 3, 3, 3, 3, 3, 3, 3, 3, 2, 1])
--------------------------------------------
Time taken:5.085162162780762
--------------------------------------------
Memory:  0.008861184000000001 0.027262976
>>>>>>>>>>>>>>>>>>>>>>>>>>>>>>>>>>>>>>>>>>
Policy Iteration 4/100
>>>>>>>>>>>>>>>>>>>>>>>>>>>>>>>>>>>>>>>>>>
Number of value updates:  1
Functions that require cross-approximation can be accelerated with the optional maxvolpy package, which can be installed by 'pip install maxvolpy'. More info is available at https://bitbucket.org/muxas/maxvolpy.
.....................................................
Computing Advantage Fcn
.....................................................
Functions that require cross-approximation can be accelerated with the optional maxvolpy package, which can be installed by 'pip install maxvolpy'. More info is available at https://bitbucket.org/muxas/maxvolpy.
v_min: -0.04, v_mean: -0.01, v_max: -0.00
a_min: -1.00, a_mean: -0.35, a_max: -0.00
p_min: 2.00, p_mean: 2.65, p_max: 3.00
Rank of V-model:  tensor([1, 3, 3, 2, 1])
Rank of A-model:  tensor([1, 3, 3, 2, 1, 1, 1, 1, 1, 1, 1, 1, 1, 1, 1, 1, 1, 1, 1, 1, 1])
Rank of P-model:  tensor([1, 5, 5, 4, 3, 3, 3, 3, 3, 3, 3, 3, 3, 3, 3, 3, 3, 3, 3, 2, 1])
--------------------------------------------
Time taken:4.9936840534210205
--------------------------------------------
Memory:  0.008861184000000001 0.025165824000000003
>>>>>>>>>>>>>>>>>>>>>>>>>>>>>>>>>>>>>>>>>>
Policy Iteration 5/100
>>>>>>>>>>>>>>>>>>>>>>>>>>>>>>>>>>>>>>>>>>
Number of value updates:  1
Functions that require cross-approximation can be accelerated with the optional maxvolpy package, which can be installed by 'pip install maxvolpy'. More info is available at https://bitbucket.org/muxas/maxvolpy.
.....................................................
Computing Advantage Fcn
.....................................................
Functions that require cross-approximation can be accelerated with the optional maxvolpy package, which can be installed by 'pip install maxvolpy'. More info is available at https://bitbucket.org/muxas/maxvolpy.
v_min: -0.05, v_mean: -0.02, v_max: -0.00
a_min: -1.00, a_mean: -0.35, a_max: -0.00
p_min: 2.00, p_mean: 2.65, p_max: 3.00
Rank of V-model:  tensor([1, 3, 3, 2, 1])
Rank of A-model:  tensor([1, 3, 3, 2, 1, 1, 1, 1, 1, 1, 1, 1, 1, 1, 1, 1, 1, 1, 1, 1, 1])
Rank of P-model:  tensor([1, 5, 5, 4, 3, 3, 3, 3, 3, 3, 3, 3, 3, 3, 3, 3, 3, 3, 3, 2, 1])
--------------------------------------------
Time taken:4.767270803451538
--------------------------------------------
Memory:  0.008861184000000001 0.027262976
>>>>>>>>>>>>>>>>>>>>>>>>>>>>>>>>>>>>>>>>>>
Policy Iteration 6/100
>>>>>>>>>>>>>>>>>>>>>>>>>>>>>>>>>>>>>>>>>>
Number of value updates:  1
Functions that require cross-approximation can be accelerated with the optional maxvolpy package, which can be installed by 'pip install maxvolpy'. More info is available at https://bitbucket.org/muxas/maxvolpy.
.....................................................
Computing Advantage Fcn
.....................................................
Functions that require cross-approximation can be accelerated with the optional maxvolpy package, which can be installed by 'pip install maxvolpy'. More info is available at https://bitbucket.org/muxas/maxvolpy.
v_min: -0.06, v_mean: -0.02, v_max: -0.00
a_min: -1.00, a_mean: -0.35, a_max: -0.00
p_min: 2.00, p_mean: 2.65, p_max: 3.00
Rank of V-model:  tensor([1, 3, 3, 2, 1])
Rank of A-model:  tensor([1, 3, 3, 2, 1, 1, 1, 1, 1, 1, 1, 1, 1, 1, 1, 1, 1, 1, 1, 1, 1])
Rank of P-model:  tensor([1, 5, 5, 4, 3, 3, 3, 3, 3, 3, 3, 3, 3, 3, 3, 3, 3, 3, 3, 2, 1])
--------------------------------------------
Time taken:4.7545976638793945
--------------------------------------------
Memory:  0.008861184000000001 0.025165824000000003
>>>>>>>>>>>>>>>>>>>>>>>>>>>>>>>>>>>>>>>>>>
Policy Iteration 7/100
>>>>>>>>>>>>>>>>>>>>>>>>>>>>>>>>>>>>>>>>>>
Number of value updates:  1
Functions that require cross-approximation can be accelerated with the optional maxvolpy package, which can be installed by 'pip install maxvolpy'. More info is available at https://bitbucket.org/muxas/maxvolpy.
.....................................................
Computing Advantage Fcn
.....................................................
Functions that require cross-approximation can be accelerated with the optional maxvolpy package, which can be installed by 'pip install maxvolpy'. More info is available at https://bitbucket.org/muxas/maxvolpy.
v_min: -0.07, v_mean: -0.02, v_max: -0.00
a_min: -1.00, a_mean: -0.35, a_max: -0.00
p_min: 2.00, p_mean: 2.65, p_max: 3.00
Rank of V-model:  tensor([1, 3, 3, 2, 1])
Rank of A-model:  tensor([1, 3, 3, 3, 3, 4, 3, 4, 3, 4, 3, 4, 3, 4, 3, 3, 2, 3, 2, 2, 1])
Rank of P-model:  tensor([1, 5, 5, 5, 5, 6, 5, 6, 5, 6, 5, 6, 5, 6, 5, 5, 4, 5, 4, 2, 1])
--------------------------------------------
Time taken:5.149543046951294
--------------------------------------------
Memory:  0.009146880000000001 0.027262976
>>>>>>>>>>>>>>>>>>>>>>>>>>>>>>>>>>>>>>>>>>
Policy Iteration 8/100
>>>>>>>>>>>>>>>>>>>>>>>>>>>>>>>>>>>>>>>>>>
Number of value updates:  1
Functions that require cross-approximation can be accelerated with the optional maxvolpy package, which can be installed by 'pip install maxvolpy'. More info is available at https://bitbucket.org/muxas/maxvolpy.
.....................................................
Computing Advantage Fcn
.....................................................
Functions that require cross-approximation can be accelerated with the optional maxvolpy package, which can be installed by 'pip install maxvolpy'. More info is available at https://bitbucket.org/muxas/maxvolpy.
v_min: -0.08, v_mean: -0.03, v_max: -0.00
a_min: -1.00, a_mean: -0.35, a_max: -0.00
p_min: 2.00, p_mean: 2.66, p_max: 3.00
Rank of V-model:  tensor([1, 3, 3, 2, 1])
Rank of A-model:  tensor([1, 3, 3, 3, 3, 4, 3, 4, 3, 4, 3, 4, 3, 4, 3, 4, 3, 3, 2, 2, 1])
Rank of P-model:  tensor([1, 5, 5, 5, 5, 6, 5, 6, 5, 6, 5, 6, 5, 6, 5, 6, 5, 5, 4, 2, 1])
--------------------------------------------
Time taken:5.797816753387451
--------------------------------------------
Memory:  0.009166848 0.029360128000000003
>>>>>>>>>>>>>>>>>>>>>>>>>>>>>>>>>>>>>>>>>>
Policy Iteration 9/100
>>>>>>>>>>>>>>>>>>>>>>>>>>>>>>>>>>>>>>>>>>
Number of value updates:  1
Functions that require cross-approximation can be accelerated with the optional maxvolpy package, which can be installed by 'pip install maxvolpy'. More info is available at https://bitbucket.org/muxas/maxvolpy.
.....................................................
Computing Advantage Fcn
.....................................................
Functions that require cross-approximation can be accelerated with the optional maxvolpy package, which can be installed by 'pip install maxvolpy'. More info is available at https://bitbucket.org/muxas/maxvolpy.
v_min: -0.09, v_mean: -0.03, v_max: -0.00
a_min: -1.00, a_mean: -0.35, a_max: -0.00
p_min: 2.00, p_mean: 2.66, p_max: 3.00
Rank of V-model:  tensor([1, 3, 3, 2, 1])
Rank of A-model:  tensor([1, 3, 3, 3, 3, 4, 3, 4, 3, 4, 3, 4, 3, 4, 3, 4, 3, 3, 2, 2, 1])
Rank of P-model:  tensor([1, 5, 5, 5, 5, 6, 5, 6, 5, 6, 5, 6, 5, 6, 5, 6, 5, 5, 4, 2, 1])
--------------------------------------------
Time taken:5.993195533752441
--------------------------------------------
Memory:  0.009166848 0.027262976
>>>>>>>>>>>>>>>>>>>>>>>>>>>>>>>>>>>>>>>>>>
Policy Iteration 10/100
>>>>>>>>>>>>>>>>>>>>>>>>>>>>>>>>>>>>>>>>>>
Number of value updates:  1
Functions that require cross-approximation can be accelerated with the optional maxvolpy package, which can be installed by 'pip install maxvolpy'. More info is available at https://bitbucket.org/muxas/maxvolpy.
.....................................................
Computing Advantage Fcn
.....................................................
Functions that require cross-approximation can be accelerated with the optional maxvolpy package, which can be installed by 'pip install maxvolpy'. More info is available at https://bitbucket.org/muxas/maxvolpy.
v_min: -0.10, v_mean: -0.03, v_max: -0.00
a_min: -1.00, a_mean: -0.35, a_max: -0.00
p_min: 2.00, p_mean: 2.66, p_max: 3.01
Rank of V-model:  tensor([1, 3, 3, 2, 1])
Rank of A-model:  tensor([1, 3, 3, 3, 3, 4, 3, 4, 3, 4, 3, 4, 3, 4, 3, 4, 3, 3, 2, 2, 1])
Rank of P-model:  tensor([1, 5, 5, 5, 5, 6, 5, 6, 5, 6, 5, 6, 5, 6, 5, 6, 5, 5, 4, 2, 1])
--------------------------------------------
Time taken:5.956792593002319
--------------------------------------------
---------------Intermeditate Test-------------------------
[EVAL] {"success_rate": 0.88, "mu_success": 0.6247183270097767, "mu_all": 0.5625545153159032, "final_dist_mean": 0.041769136383931774, "path_len_mean": 0.9313614986048236, "cum_reward_mean": -257489810.72999835, "final_reward_mean": -18370.530697119484, "callback_count": 9}
[EARLY_STOP] success_rate=0.8800, mu_success=0.6247, callback_count=9
[INFO] training stopped early by evaluation criterion
[DONE] saved result to /home/s110/code/ttpi_iclr/repro/results/HM8_state50_action100_iter100_seed0.json
{
  "success_rate": 0.88,
  "mu_success": 0.6247183270097767,
  "mu_all": 0.5625545153159032,
  "final_dist_mean": 0.041769136383931774,
  "path_len_mean": 0.9313614986048236,
  "cum_reward_mean": -257489810.72999835,
  "final_reward_mean": -18370.530697119484
}
